// Jest Snapshot v1, https://goo.gl/fbAQLP

exports[`<Main /> should be able to render the heading 1`] = `
<main
  class="flex items-center justify-center bg-background text-white w-screen h-screen p-12 text-center"
>
  <h1>
    React Avan√ßado
  </h1>
</main>
`;
